target: mart.combined
kind: table
run_type: full
rows_affected: 3
run_reason: dep changed: staging.left
---
target: raw.data
kind: table
run_type: backfill
rows_affected: 3
run_reason: sql changed
---
target: staging.left
kind: table
run_type: full
rows_affected: 3
run_reason: dep changed: raw.data
---
target: staging.right
kind: table
run_type: full
rows_affected: 3
run_reason: dep changed: raw.data
---
combined_data:
  id,doubled,tripled
  1,20,30
  2,40,60
  3,60,90
