target: raw.source
kind: table
run_type: incremental
rows_affected: 2
run_reason: sql changed
warning: schema evolution: added=1 columns, type_changes=0
---
target: staging.appended
kind: append
run_type: incremental
rows_affected: 2
run_reason: sql changed
warning: schema evolution: added=1 columns, type_changes=0
---
columns: 3
age_id1: 30
