target: mart.revenue
kind: table
run_type: full
rows_affected: 3
run_reason: dep changed: staging.enriched
---
target: raw.customers
kind: table
run_type: backfill
rows_affected: 4
run_reason: sql changed
---
target: raw.orders
kind: table
run_type: backfill
rows_affected: 4
run_reason: sql changed
---
target: staging.by_country
kind: tracked
run_type: incremental
rows_affected: 1
run_reason: incremental run
---
target: staging.enriched
kind: append
run_type: incremental
rows_affected: 1
run_reason: incremental run
---
target: staging.history
kind: scd2
run_type: incremental
rows_affected: 1
run_reason: incremental run
---
target: staging.latest
kind: merge
run_type: incremental
rows_affected: 1
run_reason: incremental run
---
enriched_count: 4
revenue_count: 3
dk_total: 300
by_country_count: 4
