target: mart.combined
kind: table
run_type: full
rows_affected: 2
run_reason: upstream changed in sandbox
---
target: raw.data
kind: table
run_type: skip
rows_affected: 0
run_reason: no dependencies
---
target: staging.left
kind: table
run_type: backfill
rows_affected: 2
run_reason: sql changed
---
target: staging.right
kind: table
run_type: skip
rows_affected: 0
run_reason: deps unchanged
---
combined_data:
  id,doubled,tripled
  1,100,30
  2,200,60
