edmx_root: ok
version_4.0: ok
namespace: ok
entity_mart_customers: ok
entity_mart_revenue: ok
key_element: ok
explicit_key_order_id: ok
composite_key_id: ok
edm_decimal: ok
edm_date: ok
edm_datetimeoffset: ok
edm_boolean: ok
edm_int64: ok
edm_single: ok
edm_double: ok
edm_int32: ok
edm_string: ok
entity_container: ok
entity_set_revenue: ok
content-type: application/xml
odata-version: 4.0
