--- run 1 ---
target: staging.script_audited
kind: table
run_type: backfill
rows_affected: 5
--- run 2 (audit fail) ---
target: staging.script_audited
kind: table
run_type: backfill
rows_affected: 1
error: row_count >= 3 failed: actual count is 1
audit_error: true
--- run 3 (fixed) ---
target: staging.script_audited
kind: table
run_type: backfill
rows_affected: 3
final_count: 3
