--- run 1 (backfill 3 rows) ---
target: raw.items
kind: tracked
run_type: backfill
rows_affected: 3
run_reason: first run
--- run 2 (group A changed, 2 rows replaced) ---
target: raw.items
kind: tracked
run_type: incremental
rows_affected: 2
run_reason: incremental run
total_rows: 3
widget_price: 75
license_price: 500
